adwaita-icon-theme
amd64-microcode
apache2-bin
apache2-data
at-spi2-core
aufs-tools
autotools-dev
binfmt-support
binutils
binutils-common
binutils-x86-64-linux-gnu
btrfs-progs
build-essential
bzip2-doc
ca-certificates-java
camlp4
cgroupfs-mount
comerr-dev
containerd.io
cpp
cpp-5
cpp-7
cracklib-runtime
crda
dbus-x11
dconf-gsettings-backend
dconf-service
dirmngr
dmidecode
docker-ce-cli
docker-scan-plugin
dpkg-dev
e2fsprogs-l10n
ebtables
fakeroot
fdisk
fontconfig
fontconfig-config
fonts-dejavu-core
fonts-dejavu-extra
fonts-droid-fallback
fonts-noto-mono
fonts-ubuntu-console
g++
g++-7
gcc-5
gcc-7
gcc-7-base
gcc-8-base
gconf-service
gconf-service-backend
gconf2
gconf2-common
geoip-bin
gfortran
gfortran-7
ghostscript
gir1.2-freedesktop
gir1.2-gdkpixbuf-2.0
gir1.2-glib-2.0
gir1.2-harfbuzz-0.0
gir1.2-rsvg-2.0
glib-networking
glib-networking-common
glib-networking-services
gnupg-l10n
gnupg-utils
gpg
gpg-agent
gpg-wks-client
gpg-wks-server
gpgconf
gpgsm
grub-gfxpayload-lists
grub-pc-bin
grub2-common
gsettings-desktop-schemas
gsfonts
gtk-update-icon-cache
guile-2.0-libs
hicolor-icon-theme
humanity-icon-theme
ibverbs-providers
icu-devtools
imagemagick
imagemagick-6-common
imagemagick-6.q16
intel-microcode
iso-codes
iucode-tool
iw
java-common
javascript-common
krb5-multidev
ksh
laptop-detect
ledit
libaccountsservice0
libaec0
libalgorithm-diff-perl
libalgorithm-diff-xs-perl
libalgorithm-merge-perl
libapache-logformat-compiler-perl
libapr1
libaprutil1
libaprutil1-dbd-sqlite3
libaprutil1-ldap
libapt-pkg-perl
libargon2-0
libarmadillo8
libarpack2
libart-2.0-2
libasan2
libasan4
libasn1-8-heimdal
libasound2
libasound2-data
libassuan0
libasyncns0
libatk-bridge2.0-0
libatk-wrapper-java
libatk-wrapper-java-jni
libatk1.0-0
libatk1.0-data
libatomic1
libatspi2.0-0
libavahi-client3
libavahi-common-data
libavahi-common3
libavahi-glib1
libb-hooks-op-check-perl
libbind9-160
libbinutils
libblas3
libbonobo2-0
libbonobo2-common
libbonoboui2-0
libbonoboui2-common
libbz2-dev
libc-dev-bin
libc6-dev
libcairo-gobject2
libcairo-script-interpreter2
libcairo2
libcamlp4-ocaml-dev
libcanberra0
libcap-ng0
libcapture-tiny-perl
libcc1-0
libcgi-compile-perl
libcgi-fast-perl
libcgi-pm-perl
libcilkrts5
libclass-method-modifiers-perl
libclass-tiny-perl
libclass-xsaccessor-perl
libcolord2
libcom-err2
libcommon-sense-perl
libconvert-nls-date-format-perl
libcookie-baker-perl
libcpan-changes-perl
libcpan-distnameinfo-perl
libcpan-meta-check-perl
libcpan-meta-perl
libcpan-meta-requirements-perl
libcpan-meta-yaml-perl
libcpan-perl-releases-perl
libcrack2
libcroco3
libcryptsetup12
libcups2
libcupsfilters1
libcupsimage2
libcurl3-gnutls
libcurl4
libdata-perl-perl
libdata-section-perl
libdatetime-format-iso8601-perl
libdatetime-format-oracle-perl
libdatrie1
libdb5.3-dev
libdbus-1-3
libdbus-glib-1-2
libdconf1
libdevel-callchecker-perl
libdevel-caller-perl
libdevel-lexalias-perl
libdevel-patchperl-perl
libdevel-stacktrace-ashtml-perl
libdigest-hmac-perl
libdist-checkconflicts-perl
libdjvulibre-dev
libdjvulibre-text
libdjvulibre21
libdns-export1100
libdns1100
libdouble-conversion1
libdpkg-perl
libdrm-amdgpu1
libdrm-common
libdrm-intel1
libdrm-nouveau2
libdrm-radeon1
libdrm2
libdxflib3
libdynaloader-functions-perl
libeccodes-data
libeccodes0
libedit2
libegl-mesa0
libegl1
libelf1
libemail-address-perl
libemail-date-format-perl
libemos-data
libemos0d
libencode-locale-perl
libepoxy0
libeval-closure-perl
libevdev2
libevent-2.1-6
libexif-dev
libexif-doc
libexif12
libexporter-tiny-perl
libext2fs2
libfabric1
libfakeroot
libfastjson4
libfcgi-procmanager-perl
libfftw3-double3
libfile-fcntllock-perl
libfile-listing-perl
libfile-pushd-perl
libfile-sharedir-perl
libfilesys-notify-simple-perl
libfindlib-ocaml
libfindlib-ocaml-dev
libflac8
libfontconfig1
libfontconfig1-dev
libfontenc1
libfreetype6
libfreetype6-dev
libfuse2
libgail-common
libgail18
libgbm1
libgc1c2
libgcc-5-dev
libgcc-7-dev
libgconf-2-4
libgdbm-compat4
libgdbm5
libgdk-pixbuf2.0-0
libgdk-pixbuf2.0-bin
libgdk-pixbuf2.0-common
libgdk-pixbuf2.0-dev
libgeoip1
libgeotiff2
libgetopt-long-descriptive-perl
libgfortran-7-dev
libgfortran4
libgif-dev
libgif7
libgirepository-1.0-1
libgl1
libgl1-mesa-dri
libgl1-mesa-glx
libglade2-0
libglapi-mesa
libglib2.0-0
libglib2.0-bin
libglib2.0-dev-bin
libglvnd0
libglx-mesa0
libglx0
libgmp-dev
libgmpxx4ldbl
libgnome-2-0
libgnome-keyring-common
libgnome-keyring0
libgnome2-common
libgnomecanvas2-0
libgnomecanvas2-common
libgnomeui-0
libgnomeui-common
libgnomevfs2-0
libgnomevfs2-common
libgnomevfs2-extra
libgomp1
libgraphite2-3
libgraphite2-dev
libgs9
libgs9-common
libgsasl7
libgssapi3-heimdal
libgssrpc4
libgtk-3-0
libgtk-3-bin
libgtk-3-common
libgtk2.0-0
libgtk2.0-bin
libgtk2.0-common
libgudev-1.0-0
libharfbuzz-dev
libharfbuzz-gobject0
libharfbuzz-icu0
libharfbuzz0b
libhash-multivalue-perl
libhcrypto4-heimdal
libhdf5-100
libheimbase1-heimdal
libheimntlm0-heimdal
libhtml-form-perl
libhtml-lint-perl
libhttp-cookies-perl
libhttp-daemon-perl
libhttp-date-perl
libhttp-entity-parser-perl
libhttp-headers-fast-perl
libhttp-message-perl
libhttp-multipartparser-perl
libhttp-negotiate-perl
libhwloc-plugins
libhwloc5
libhx509-5-heimdal
libibverbs1
libice-dev
libice6
libicu-dev
libicu-le-hb-dev
libicu-le-hb0
libicu60
libiculx60
libid3tag0
libid3tag0-dev
libidn2-0
libijs-0.35
libilmbase-dev
libilmbase12
libimage-magick-perl
libimage-magick-q16-perl
libimport-into-perl
libinput-bin
libinput10
libio-html-perl
libio-socket-inet6-perl
libip4tc0
libip6tc0
libipc-shareable-perl
libiptc0
libirs160
libisc-export169
libisc169
libisccc160
libisccfg160
libisl15
libisl19
libisns0
libitm1
libjbig-dev
libjbig0
libjbig2dec0
libjpeg-dev
libjpeg-turbo8
libjpeg-turbo8-dev
libjpeg8
libjpeg8-dev
libjq1
libjs-jquery
libjson-c3
libjson-glib-1.0-0
libjson-glib-1.0-common
libjson-maybexs-perl
libkadm5clnt-mit11
libkadm5srv-mit11
libkdb5-9
libkrb5-26-heimdal
libksba8
libkyotocabinet16v5
liblapack3
liblcms2-2
liblcms2-dev
libldap-2.4-2
libldap-common
liblingua-en-inflect-perl
libllvm10
liblocal-lib-perl
liblog-dispatch-perl
liblqr-1-0
liblqr-1-0-dev
liblsan0
libltdl-dev
libltdl7
liblua5.2-0
liblwp-mediatypes-perl
liblwp-protocol-https-perl
liblwres160
liblxc-common
liblzma-dev
libmagic-mgc
libmagic-ocaml
libmagick++-6.q16-7
libmagickcore-6-arch-config
libmagickcore-6.q16-3
libmagickcore-6.q16-3-extra
libmagickwand-6.q16-3
libmagics++-data
libmagplus3v5
libmail-sendmail-perl
libmailutils5
libmce-perl
libmime-lite-perl
libmodule-build-perl
libmodule-cpanfile-perl
libmodule-implementation-perl
libmodule-metadata-perl
libmodule-pluggable-perl
libmodule-refresh-perl
libmodule-runtime-perl
libmodule-signature-perl
libmoo-perl
libmoox-handlesvia-perl
libmpc3
libmpfr6
libmpx0
libmpx2
libmtdev1
libmysqlclient20
libnet-dns-perl
libnet-http-perl
libnet-ip-perl
libnet-smtp-ssl-perl
libnetcdf-c++4
libnetcdf13
libnetpbm10
libnetplan0
libnfnetlink0
libnghttp2-14
libnl-3-200
libnl-genl-3-200
libnl-route-3-200
libnpth0
libnspr4
libnss-systemd
libnss3
libntfs-3g88
libntlm0
libnuma1
libodb-api-0d
libodb-api-bin
libodb-api-dev
libogg0
libonig4
libopenexr-dev
libopenexr22
libopenjp2-7
libopenmpi2
libopts25
liborbit-2-0
libpackage-deprecationmanager-perl
libpackage-stash-perl
libpackage-stash-xs-perl
libpadwalker-perl
libpango-1.0-0
libpangocairo-1.0-0
libpangoft2-1.0-0
libpaper-utils
libpaper1
libparams-classify-perl
libparams-validationcompiler-perl
libparse-pmfile-perl
libparted2
libpath-tiny-perl
libpcap0.8
libpci3
libpciaccess0
libpcre16-3
libpcre3-dev
libpcre32-3
libpcrecpp0v5
libpcsclite1
libperl5.26
libpipeline1
libpixman-1-0
libpixman-1-dev
libplymouth4
libpng-dev
libpng-tools
libpng16-16
libpod-markdown-perl
libpod-readme-perl
libpolkit-gobject-1-0
libposix-strftime-compiler-perl
libppix-regexp-perl
libppix-utilities-perl
libpq5
libprocps6
libproj12
libproxy1v5
libpsl5
libpsm-infinipath1
libpthread-stubs0-dev
libpulse0
libpython-stdlib
libpython2.7
libpython2.7-minimal
libpython2.7-stdlib
libpython3.6
libpython3.6-minimal
libpython3.6-stdlib
libqt5core5a
libqt5dbus5
libqt5gui5
libqt5network5
libqt5svg5
libqt5widgets5
libquadmath0
librdmacm1
libreadline7
libref-util-perl
libref-util-xs-perl
libregexp-assemble-perl
librest-0.7-0
libroken18-heimdal
librole-tiny-perl
librsvg2-2
librsvg2-common
librsvg2-dev
librtmp1
libsasl2-2
libsasl2-modules-db
libsensors4
libsm-dev
libsm6
libsndfile1
libsocket6-perl
libsoftware-license-perl
libsoup-gnome2.4-1
libsoup2.4-1
libspecio-perl
libssl1.1
libstdc++-7-dev
libstream-buffered-perl
libstrictures-perl
libstring-shellquote-perl
libsub-exporter-progressive-perl
libsub-identify-perl
libsub-quote-perl
libsuperlu5
libsys-hostname-long-perl
libsz2
libtdb1
libterralib-dev
libterralib3
libtest-sharedfork-perl
libtest-tcp-perl
libtext-template-perl
libthai-data
libthai0
libtiff-dev
libtiff5
libtiff5-dev
libtiffxx5
libtinfo-dev
libtool
libtry-tiny-perl
libtsan0
libtype-tiny-perl
libtype-tiny-xs-perl
libtypes-serialiser-perl
libubsan0
libunicode-utf8-perl
libunistring2
libunwind8
libusb-1.0-0
libuv1
libversion-perl
libvorbis0a
libvorbisenc2
libvorbisfile3
libwacom-bin
libwacom-common
libwacom2
libwayland-client0
libwayland-cursor0
libwayland-egl1
libwayland-server0
libwind0-heimdal
libwmf-dev
libwmf0.2-7
libwww-form-urlencoded-perl
libwww-form-urlencoded-xs-perl
libwww-robotrules-perl
libx11-6
libx11-dev
libx11-doc
libx11-xcb1
libxau-dev
libxau6
libxaw7
libxcb-dri2-0
libxcb-dri3-0
libxcb-glx0
libxcb-icccm4
libxcb-image0
libxcb-keysyms1
libxcb-present0
libxcb-randr0
libxcb-render-util0
libxcb-render0
libxcb-render0-dev
libxcb-shape0
libxcb-shm0
libxcb-shm0-dev
libxcb-sync1
libxcb-util1
libxcb-xfixes0
libxcb-xinerama0
libxcb-xkb1
libxcb1
libxcb1-dev
libxcomposite1
libxcursor1
libxdamage1
libxdmcp-dev
libxdmcp6
libxext-dev
libxext6
libxfixes3
libxft2
libxi6
libxinerama1
libxkbcommon-x11-0
libxkbcommon0
libxml-sax-base-perl
libxml-xpathengine-perl
libxml2-dev
libxmlsec1
libxmlsec1-openssl
libxmu6
libxmuu1
libxpm4
libxrandr2
libxrender-dev
libxrender1
libxshmfence1
libxslt1.1
libxt-dev
libxt6
libxtables12
libxtst6
libxv1
libxxf86dga1
libxxf86vm1
libyaml-0-2
libyaml-libyaml-perl
libzstd1
linux-firmware
linux-headers-4.15.0-142
linux-headers-4.15.0-142-generic
linux-image-4.15.0-142-generic
linux-image-4.4.0-210-generic
linux-image-generic
linux-libc-dev
linux-modules-4.15.0-142-generic
linux-modules-4.4.0-210-generic
linux-modules-extra-4.15.0-142-generic
linux-modules-extra-4.4.0-210-generic
lynx-common
magics++
mailutils-common
manpages-dev
mongodb-org-mongos
mongodb-org-server
mongodb-org-shell
mongodb-org-tools
mysql-common
netpbm
netplan.io
networkd-dispatcher
nplan
ocaml-base-nox
ocaml-compiler-libs
ocaml-findlib
ocaml-interp
ocaml-nox
ocl-icd-libopencl1
openjdk-8-jdk-headless
openjdk-8-jre
openjdk-8-jre-headless
openmpi-bin
openmpi-common
os-prober
perl-openssl-defaults
pigz
pinentry-curses
pkg-config
poppler-data
proj-data
psutils
publicsuffix
pwauth
python
python-minimal
python2.7
python2.7-minimal
python3-certifi
python3-debconf
python3-distro-info
python3-distutils
python3-httplib2
python3-idna
python3-lib2to3
python3-netifaces
python3-pexpect
python3-ptyprocess
python3-requests-unixsocket
python3-yaml
python3.6
python3.6-minimal
qt5-gtk-platformtheme
qttranslations5-l10n
sntp
sound-theme-freedesktop
ssl-cert
tasksel-data
ttf-dejavu-core
ttf-dejavu-extra
ubuntu-advantage-tools
ubuntu-mono
uuid-runtime
wamerican
wireless-regdb
x11-common
x11-utils
x11proto-core-dev
x11proto-dev
x11proto-input-dev
x11proto-kb-dev
x11proto-xext-dev
xdelta3
xorg-sgml-doctools
xtrans-dev
xxd
zlib1g-dev
